// Jest Snapshot v1, https://goo.gl/fbAQLP

exports[`EmptyState Snapshot should match snapshot 1`] = `
<DocumentFragment>
  <div
    class="text-center py-12"
  >
    <div
      class="flex justify-center mb-4"
    >
      <svg
        aria-hidden="true"
        class="lucide lucide-circle w-16 h-16 text-gray-300"
        fill="none"
        height="24"
        stroke="currentColor"
        stroke-linecap="round"
        stroke-linejoin="round"
        stroke-width="2"
        viewBox="0 0 24 24"
        width="24"
        xmlns="http://www.w3.org/2000/svg"
      >
        <circle
          cx="12"
          cy="12"
          r="10"
        />
      </svg>
    </div>
    <h3
      class="text-xl font-semibold text-gray-700 mb-2"
    >
      No tasks yet
    </h3>
    <p
      class="text-gray-500"
    >
      Create your first task to get started
    </p>
  </div>
</DocumentFragment>
`;
