// Jest Snapshot v1, https://goo.gl/fbAQLP

exports[`TaskHeader Snapshot should match snapshot 1`] = `
<DocumentFragment>
  <div
    class="text-center mb-8"
  >
    <div
      class="flex justify-center mb-4"
    >
      <div
        class="w-14 h-14 bg-gradient-to-br from-purple-500 to-purple-600 rounded-2xl flex items-center justify-center shadow-lg"
      >
        <svg
          aria-hidden="true"
          class="lucide lucide-square-check-big w-8 h-8 text-white"
          fill="none"
          height="24"
          stroke="currentColor"
          stroke-linecap="round"
          stroke-linejoin="round"
          stroke-width="2.5"
          viewBox="0 0 24 24"
          width="24"
          xmlns="http://www.w3.org/2000/svg"
        >
          <path
            d="M21 10.656V19a2 2 0 0 1-2 2H5a2 2 0 0 1-2-2V5a2 2 0 0 1 2-2h12.344"
          />
          <path
            d="m9 11 3 3L22 4"
          />
        </svg>
      </div>
    </div>
    <h1
      class="text-4xl font-bold bg-gradient-to-r from-purple-600 to-indigo-600 bg-clip-text text-transparent mb-2"
    >
      TaskFlow
    </h1>
    <p
      class="text-gray-600 text-lg"
    >
      Master your productivity, one task at a time
    </p>
  </div>
</DocumentFragment>
`;
